=== 03:10:11 main campaign finished, starting follow-up ===
=== 03:10:11 STAGE 6 ViT-B/16 generality ===
device=mps torch=2.7.1
Using a slow image processor as `use_fast` is unset and a slow processor was saved with this model. `use_fast=True` will be the default behavior in v4.52, even if the model was saved with a slow processor. This will result in minor differences in outputs. You'll still be able to use a slow processor with `use_fast=False`.
  [S2_eurosat_full_ft_basep16_lr1e-5_seed7] epoch 1/6 loss=1.4337 val=0.9167 dH=-0.60% track=0.3520
  [S2_eurosat_full_ft_basep16_lr1e-5_seed7] epoch 2/6 loss=0.3756 val=0.9367 dH=-0.59% track=0.3250
  [S2_eurosat_full_ft_basep16_lr1e-5_seed7] epoch 3/6 loss=0.1519 val=0.9567 dH=-0.88% track=0.3240
  [S2_eurosat_full_ft_basep16_lr1e-5_seed7] epoch 4/6 loss=0.0874 val=0.9633 dH=-1.18% track=0.3330
  [S2_eurosat_full_ft_basep16_lr1e-5_seed7] epoch 5/6 loss=0.0397 val=0.9633 dH=-1.40% track=0.2570
  [S2_eurosat_full_ft_basep16_lr1e-5_seed7] epoch 6/6 loss=0.0302 val=0.9600 dH=-1.57% track=0.2540
  [S2_eurosat_full_ft_basep16_lr1e-5_seed7] test=0.9678 cifar100=0.3652 dH=-1.18% (49.4 min)
progress: 1/6
  [S2_eurosat_lora_r8_basep16_lr1e-5_seed7] epoch 1/6 loss=2.2309 val=0.4400 dH=+0.09% track=0.6420
  [S2_eurosat_lora_r8_basep16_lr1e-5_seed7] epoch 2/6 loss=1.9755 val=0.6733 dH=+0.24% track=0.6460
  [S2_eurosat_lora_r8_basep16_lr1e-5_seed7] epoch 3/6 loss=1.7703 val=0.7167 dH=+0.37% track=0.6450
  [S2_eurosat_lora_r8_basep16_lr1e-5_seed7] epoch 4/6 loss=1.6270 val=0.7500 dH=+0.47% track=0.6390
  [S2_eurosat_lora_r8_basep16_lr1e-5_seed7] epoch 5/6 loss=1.5515 val=0.7567 dH=+0.50% track=0.6420
  [S2_eurosat_lora_r8_basep16_lr1e-5_seed7] epoch 6/6 loss=1.5279 val=0.7600 dH=+0.51% track=0.6430
  [S2_eurosat_lora_r8_basep16_lr1e-5_seed7] test=0.7715 cifar100=0.6653 dH=+0.51% (30.4 min)
progress: 2/6
  [S2_eurosat_full_ft_basep16_lr3e-5_seed7] epoch 1/6 loss=1.1508 val=0.7733 dH=+3.51% track=0.1730
  [S2_eurosat_full_ft_basep16_lr3e-5_seed7] epoch 2/6 loss=0.3244 val=0.8633 dH=+5.08% track=0.0710
  [S2_eurosat_full_ft_basep16_lr3e-5_seed7] epoch 3/6 loss=0.2409 val=0.9433 dH=+4.48% track=0.1680
  [S2_eurosat_full_ft_basep16_lr3e-5_seed7] epoch 4/6 loss=0.1291 val=0.9367 dH=+4.22% track=0.1580
  [S2_eurosat_full_ft_basep16_lr3e-5_seed7] epoch 5/6 loss=0.0614 val=0.9567 dH=+3.81% track=0.1860
  [S2_eurosat_full_ft_basep16_lr3e-5_seed7] epoch 6/6 loss=0.0247 val=0.9567 dH=+3.54% track=0.1830
  [S2_eurosat_full_ft_basep16_lr3e-5_seed7] test=0.9744 cifar100=0.1890 dH=+3.81% (34.2 min)
progress: 3/6
  [S2_eurosat_lora_r8_basep16_lr3e-5_seed7] epoch 1/6 loss=2.0585 val=0.6633 dH=+0.34% track=0.6500
  [S2_eurosat_lora_r8_basep16_lr3e-5_seed7] epoch 2/6 loss=1.3646 val=0.8400 dH=+0.83% track=0.6470
  [S2_eurosat_lora_r8_basep16_lr3e-5_seed7] epoch 3/6 loss=0.8626 val=0.8933 dH=+0.98% track=0.6450
  [S2_eurosat_lora_r8_basep16_lr3e-5_seed7] epoch 4/6 loss=0.6070 val=0.8967 dH=+1.02% track=0.6330
  [S2_eurosat_lora_r8_basep16_lr3e-5_seed7] epoch 5/6 loss=0.5004 val=0.9000 dH=+1.05% track=0.6330
  [S2_eurosat_lora_r8_basep16_lr3e-5_seed7] epoch 6/6 loss=0.4702 val=0.9000 dH=+1.05% track=0.6310
  [S2_eurosat_lora_r8_basep16_lr3e-5_seed7] test=0.9215 cifar100=0.6518 dH=+1.05% (30.0 min)
progress: 4/6
  [S2_eurosat_full_ft_basep16_lr1e-4_seed7] epoch 1/6 loss=1.3843 val=0.7433 dH=+2.58% track=0.0180
  [S2_eurosat_full_ft_basep16_lr1e-4_seed7] epoch 2/6 loss=0.5857 val=0.6600 dH=+2.46% track=0.0070
  [S2_eurosat_full_ft_basep16_lr1e-4_seed7] epoch 3/6 loss=0.5416 val=0.8700 dH=+5.11% track=0.0140
  [S2_eurosat_full_ft_basep16_lr1e-4_seed7] epoch 4/6 loss=0.2911 val=0.9133 dH=+4.88% track=0.0070
  [S2_eurosat_full_ft_basep16_lr1e-4_seed7] epoch 5/6 loss=0.1516 val=0.9333 dH=+3.75% track=0.0100
  [S2_eurosat_full_ft_basep16_lr1e-4_seed7] epoch 6/6 loss=0.0549 val=0.9400 dH=+3.81% track=0.0090
  [S2_eurosat_full_ft_basep16_lr1e-4_seed7] test=0.9578 cifar100=0.0125 dH=+3.81% (34.5 min)
progress: 5/6
  [S2_eurosat_lora_r8_basep16_lr1e-4_seed7] epoch 1/6 loss=1.5801 val=0.8667 dH=+1.21% track=0.6540
  [S2_eurosat_lora_r8_basep16_lr1e-4_seed7] epoch 2/6 loss=0.3558 val=0.9300 dH=+1.28% track=0.5910
  [S2_eurosat_lora_r8_basep16_lr1e-4_seed7] epoch 3/6 loss=0.1455 val=0.9467 dH=+1.29% track=0.5840
  [S2_eurosat_lora_r8_basep16_lr1e-4_seed7] epoch 4/6 loss=0.0940 val=0.9333 dH=+1.20% track=0.5770
  [S2_eurosat_lora_r8_basep16_lr1e-4_seed7] epoch 5/6 loss=0.0751 val=0.9367 dH=+1.25% track=0.5750
  [S2_eurosat_lora_r8_basep16_lr1e-4_seed7] epoch 6/6 loss=0.0658 val=0.9400 dH=+1.25% track=0.5740
  [S2_eurosat_lora_r8_basep16_lr1e-4_seed7] test=0.9585 cifar100=0.5867 dH=+1.29% (30.2 min)
progress: 6/6
=== 06:39:07 STAGE 7 intervention ===
Using a slow image processor as `use_fast` is unset and a slow processor was saved with this model. `use_fast=True` will be the default behavior in v4.52, even if the model was saved with a slow processor. This will result in minor differences in outputs. You'll still be able to use a slow processor with `use_fast=False`.
pretrained CIFAR-100 on 5000 images: 0.6190
  epoch 1/6 val=0.9033
  epoch 2/6 val=0.8800
  epoch 3/6 val=0.9233
  epoch 4/6 val=0.9333
  epoch 5/6 val=0.9500
  epoch 6/6 val=0.9467
  alpha=0.00 test=0.1026 transfer=0.6190 dH=+0.00%
  alpha=0.25 test=0.8970 transfer=0.5824 dH=+0.28%
  alpha=0.50 test=0.9570 transfer=0.4772 dH=+0.33%
  alpha=0.75 test=0.9681 transfer=0.2958 dH=+0.22%
  alpha=1.00 test=0.9648 transfer=0.1122 dH=+0.12%
wrote /Users/xiaruize/Documents/Code/Attention_Collapse_in_CLIP_Fine-tuning_repo/study2/intervention/INT_eurosat_full_ft_lr3e-5_seed7.json (11.6 min)
Using a slow image processor as `use_fast` is unset and a slow processor was saved with this model. `use_fast=True` will be the default behavior in v4.52, even if the model was saved with a slow processor. This will result in minor differences in outputs. You'll still be able to use a slow processor with `use_fast=False`.
pretrained CIFAR-100 on 5000 images: 0.6190
  epoch 1/6 val=0.8800
  epoch 2/6 val=0.9267
  epoch 3/6 val=0.9300
  epoch 4/6 val=0.9500
  epoch 5/6 val=0.9433
  epoch 6/6 val=0.9500
  alpha=0.00 test=0.1726 transfer=0.6190 dH=+0.00%
  alpha=0.25 test=0.7819 transfer=0.6124 dH=+0.10%
  alpha=0.50 test=0.9052 transfer=0.6004 dH=+0.30%
  alpha=0.75 test=0.9400 transfer=0.5848 dH=+0.60%
  alpha=1.00 test=0.9544 transfer=0.5428 dH=+0.96%
wrote /Users/xiaruize/Documents/Code/Attention_Collapse_in_CLIP_Fine-tuning_repo/study2/intervention/INT_eurosat_lora_r8_lr1e-4_seed7.json (9.9 min)
=== 07:00:49 follow-up complete ===
=== 07:00:58 STAGE 8 ViT-B/16 seeds 11 and 19 ===
device=mps torch=2.7.1
Using a slow image processor as `use_fast` is unset and a slow processor was saved with this model. `use_fast=True` will be the default behavior in v4.52, even if the model was saved with a slow processor. This will result in minor differences in outputs. You'll still be able to use a slow processor with `use_fast=False`.
  [S2_eurosat_full_ft_basep16_lr1e-5_seed11] epoch 1/6 loss=1.2944 val=0.9167 dH=-1.18% track=0.3510
  [S2_eurosat_full_ft_basep16_lr1e-5_seed11] epoch 2/6 loss=0.2514 val=0.9467 dH=-1.19% track=0.3340
  [S2_eurosat_full_ft_basep16_lr1e-5_seed11] epoch 3/6 loss=0.1481 val=0.9500 dH=-1.08% track=0.3610
  [S2_eurosat_full_ft_basep16_lr1e-5_seed11] epoch 4/6 loss=0.0634 val=0.9567 dH=-1.12% track=0.3030
  [S2_eurosat_full_ft_basep16_lr1e-5_seed11] epoch 5/6 loss=0.0351 val=0.9700 dH=-1.37% track=0.3010
  [S2_eurosat_full_ft_basep16_lr1e-5_seed11] epoch 6/6 loss=0.0200 val=0.9700 dH=-1.55% track=0.3050
  [S2_eurosat_full_ft_basep16_lr1e-5_seed11] test=0.9696 cifar100=0.3007 dH=-1.37% (34.2 min)
progress: 1/12
  [S2_eurosat_lora_r8_basep16_lr1e-5_seed11] epoch 1/6 loss=2.2487 val=0.5267 dH=+0.03% track=0.6470
  [S2_eurosat_lora_r8_basep16_lr1e-5_seed11] epoch 2/6 loss=1.9921 val=0.7567 dH=+0.19% track=0.6480
  [S2_eurosat_lora_r8_basep16_lr1e-5_seed11] epoch 3/6 loss=1.7727 val=0.8200 dH=+0.39% track=0.6450
  [S2_eurosat_lora_r8_basep16_lr1e-5_seed11] epoch 4/6 loss=1.6114 val=0.8300 dH=+0.51% track=0.6400
  [S2_eurosat_lora_r8_basep16_lr1e-5_seed11] epoch 5/6 loss=1.5263 val=0.8333 dH=+0.55% track=0.6400
  [S2_eurosat_lora_r8_basep16_lr1e-5_seed11] epoch 6/6 loss=1.4995 val=0.8367 dH=+0.56% track=0.6400
  [S2_eurosat_lora_r8_basep16_lr1e-5_seed11] test=0.8181 cifar100=0.6612 dH=+0.56% (29.7 min)
progress: 2/12
  [S2_eurosat_full_ft_basep16_lr3e-5_seed11] epoch 1/6 loss=1.0233 val=0.9200 dH=+0.33% track=0.1680
  [S2_eurosat_full_ft_basep16_lr3e-5_seed11] epoch 2/6 loss=0.2964 val=0.8967 dH=+2.66% track=0.1470
  [S2_eurosat_full_ft_basep16_lr3e-5_seed11] epoch 3/6 loss=0.2076 val=0.8767 dH=+2.44% track=0.1340
  [S2_eurosat_full_ft_basep16_lr3e-5_seed11] epoch 4/6 loss=0.1105 val=0.9500 dH=+1.53% track=0.1800
  [S2_eurosat_full_ft_basep16_lr3e-5_seed11] epoch 5/6 loss=0.0452 val=0.9567 dH=+1.21% track=0.1840
  [S2_eurosat_full_ft_basep16_lr3e-5_seed11] epoch 6/6 loss=0.0211 val=0.9633 dH=+0.72% track=0.1750
  [S2_eurosat_full_ft_basep16_lr3e-5_seed11] test=0.9737 cifar100=0.1795 dH=+0.72% (34.3 min)
progress: 3/12
  [S2_eurosat_lora_r8_basep16_lr3e-5_seed11] epoch 1/6 loss=2.0714 val=0.7800 dH=+0.31% track=0.6440
  [S2_eurosat_lora_r8_basep16_lr3e-5_seed11] epoch 2/6 loss=1.3204 val=0.8767 dH=+0.93% track=0.6380
  [S2_eurosat_lora_r8_basep16_lr3e-5_seed11] epoch 3/6 loss=0.7542 val=0.9033 dH=+0.76% track=0.6380
  [S2_eurosat_lora_r8_basep16_lr3e-5_seed11] epoch 4/6 loss=0.4971 val=0.9100 dH=+0.56% track=0.6300
  [S2_eurosat_lora_r8_basep16_lr3e-5_seed11] epoch 5/6 loss=0.4032 val=0.9200 dH=+0.45% track=0.6290
  [S2_eurosat_lora_r8_basep16_lr3e-5_seed11] epoch 6/6 loss=0.3758 val=0.9200 dH=+0.44% track=0.6290
  [S2_eurosat_lora_r8_basep16_lr3e-5_seed11] test=0.9385 cifar100=0.6508 dH=+0.45% (30.0 min)
progress: 4/12
  [S2_eurosat_full_ft_basep16_lr1e-4_seed11] epoch 1/6 loss=1.2856 val=0.7400 dH=+5.41% track=0.0110
  [S2_eurosat_full_ft_basep16_lr1e-4_seed11] epoch 2/6 loss=0.6774 val=0.7833 dH=+4.10% track=0.0140
  [S2_eurosat_full_ft_basep16_lr1e-4_seed11] epoch 3/6 loss=0.4759 val=0.8800 dH=+3.36% track=0.0140
  [S2_eurosat_full_ft_basep16_lr1e-4_seed11] epoch 4/6 loss=0.2690 val=0.9067 dH=+2.61% track=0.0170
  [S2_eurosat_full_ft_basep16_lr1e-4_seed11] epoch 5/6 loss=0.1436 val=0.9367 dH=+2.19% track=0.0170
  [S2_eurosat_full_ft_basep16_lr1e-4_seed11] epoch 6/6 loss=0.0458 val=0.9533 dH=+2.19% track=0.0200
  [S2_eurosat_full_ft_basep16_lr1e-4_seed11] test=0.9559 cifar100=0.0151 dH=+2.19% (34.9 min)
progress: 5/12
  [S2_eurosat_lora_r8_basep16_lr1e-4_seed11] epoch 1/6 loss=1.5469 val=0.8967 dH=+1.19% track=0.6380
  [S2_eurosat_lora_r8_basep16_lr1e-4_seed11] epoch 2/6 loss=0.2954 val=0.9433 dH=+0.48% track=0.6100
  [S2_eurosat_lora_r8_basep16_lr1e-4_seed11] epoch 3/6 loss=0.1259 val=0.9367 dH=+0.13% track=0.6080
  [S2_eurosat_lora_r8_basep16_lr1e-4_seed11] epoch 4/6 loss=0.0864 val=0.9433 dH=+0.14% track=0.6030
  [S2_eurosat_lora_r8_basep16_lr1e-4_seed11] epoch 5/6 loss=0.0698 val=0.9400 dH=+0.06% track=0.5900
  [S2_eurosat_lora_r8_basep16_lr1e-4_seed11] epoch 6/6 loss=0.0612 val=0.9367 dH=+0.08% track=0.5900
  [S2_eurosat_lora_r8_basep16_lr1e-4_seed11] test=0.9493 cifar100=0.6307 dH=+0.48% (31.0 min)
progress: 6/12
  [S2_eurosat_full_ft_basep16_lr1e-5_seed19] epoch 1/6 loss=1.3135 val=0.9133 dH=-0.61% track=0.4460
  [S2_eurosat_full_ft_basep16_lr1e-5_seed19] epoch 2/6 loss=0.2983 val=0.9467 dH=-0.46% track=0.3750
  [S2_eurosat_full_ft_basep16_lr1e-5_seed19] epoch 3/6 loss=0.1303 val=0.9433 dH=-0.11% track=0.4200
  [S2_eurosat_full_ft_basep16_lr1e-5_seed19] epoch 4/6 loss=0.0708 val=0.9733 dH=-0.27% track=0.3670
  [S2_eurosat_full_ft_basep16_lr1e-5_seed19] epoch 5/6 loss=0.0376 val=0.9667 dH=-0.38% track=0.3470
  [S2_eurosat_full_ft_basep16_lr1e-5_seed19] epoch 6/6 loss=0.0242 val=0.9700 dH=-0.50% track=0.3380
  [S2_eurosat_full_ft_basep16_lr1e-5_seed19] test=0.9744 cifar100=0.3783 dH=-0.27% (36.3 min)
progress: 7/12
  [S2_eurosat_lora_r8_basep16_lr1e-5_seed19] epoch 1/6 loss=2.1894 val=0.4133 dH=-0.02% track=0.6450
  [S2_eurosat_lora_r8_basep16_lr1e-5_seed19] epoch 2/6 loss=1.9443 val=0.6600 dH=+0.04% track=0.6420
  [S2_eurosat_lora_r8_basep16_lr1e-5_seed19] epoch 3/6 loss=1.7370 val=0.7467 dH=+0.13% track=0.6430
  [S2_eurosat_lora_r8_basep16_lr1e-5_seed19] epoch 4/6 loss=1.5897 val=0.8033 dH=+0.20% track=0.6430
  [S2_eurosat_lora_r8_basep16_lr1e-5_seed19] epoch 5/6 loss=1.5104 val=0.8133 dH=+0.22% track=0.6440
  [S2_eurosat_lora_r8_basep16_lr1e-5_seed19] epoch 6/6 loss=1.4876 val=0.8167 dH=+0.22% track=0.6440
  [S2_eurosat_lora_r8_basep16_lr1e-5_seed19] test=0.8148 cifar100=0.6566 dH=+0.22% (32.2 min)
progress: 8/12
  [S2_eurosat_full_ft_basep16_lr3e-5_seed19] epoch 1/6 loss=1.0314 val=0.8667 dH=+1.11% track=0.1280
  [S2_eurosat_full_ft_basep16_lr3e-5_seed19] epoch 2/6 loss=0.2955 val=0.9200 dH=+4.01% track=0.1310
  [S2_eurosat_full_ft_basep16_lr3e-5_seed19] epoch 3/6 loss=0.2578 val=0.9567 dH=+3.38% track=0.2160
  [S2_eurosat_full_ft_basep16_lr3e-5_seed19] epoch 4/6 loss=0.1418 val=0.9433 dH=+2.88% track=0.1700
  [S2_eurosat_full_ft_basep16_lr3e-5_seed19] epoch 5/6 loss=0.0641 val=0.9500 dH=+2.77% track=0.2190
  [S2_eurosat_full_ft_basep16_lr3e-5_seed19] epoch 6/6 loss=0.0259 val=0.9600 dH=+2.23% track=0.2070
  [S2_eurosat_full_ft_basep16_lr3e-5_seed19] test=0.9778 cifar100=0.2111 dH=+2.23% (49.1 min)
progress: 9/12
  [S2_eurosat_lora_r8_basep16_lr3e-5_seed19] epoch 1/6 loss=2.0267 val=0.7067 dH=+0.06% track=0.6390
  [S2_eurosat_lora_r8_basep16_lr3e-5_seed19] epoch 2/6 loss=1.3276 val=0.8800 dH=+0.41% track=0.6420
  [S2_eurosat_lora_r8_basep16_lr3e-5_seed19] epoch 3/6 loss=0.7907 val=0.8933 dH=+0.52% track=0.6350
  [S2_eurosat_lora_r8_basep16_lr3e-5_seed19] epoch 4/6 loss=0.5182 val=0.9100 dH=+0.43% track=0.6290
  [S2_eurosat_lora_r8_basep16_lr3e-5_seed19] epoch 5/6 loss=0.4182 val=0.9067 dH=+0.39% track=0.6270
  [S2_eurosat_lora_r8_basep16_lr3e-5_seed19] epoch 6/6 loss=0.3928 val=0.9100 dH=+0.38% track=0.6250
  [S2_eurosat_lora_r8_basep16_lr3e-5_seed19] test=0.9363 cifar100=0.6478 dH=+0.43% (47.7 min)
progress: 10/12
  [S2_eurosat_full_ft_basep16_lr1e-4_seed19] epoch 1/6 loss=1.1384 val=0.8600 dH=+2.69% track=0.0190
