=== 11:27:27 START method=full_ft lr=1e-5 ===
Using a slow image processor as `use_fast` is unset and a slow processor was saved with this model. `use_fast=True` will be the default behavior in v4.52, even if the model was saved with a slow processor. This will result in minor differences in outputs. You'll still be able to use a slow processor with `use_fast=False`.
pretrained CIFAR-100 on 10000 images: 0.6133
  epoch 1/6 val=0.9233
  epoch 2/6 val=0.9067
  epoch 3/6 val=0.9700
  epoch 4/6 val=0.9667
  epoch 5/6 val=0.9633
  epoch 6/6 val=0.9667
  alpha=0.00 test=0.0996 transfer=0.6133 dH=+0.00%
  alpha=0.25 test=0.7678 transfer=0.6066 dH=+0.33%
  alpha=0.50 test=0.9422 transfer=0.5549 dH=+0.65%
  alpha=0.75 test=0.9552 transfer=0.4411 dH=+0.84%
  alpha=1.00 test=0.9537 transfer=0.2781 dH=+0.94%
wrote /Users/xiaruize/Documents/Code/Attention_Collapse_in_CLIP_Fine-tuning_repo/study2/intervention/INT_eurosat_full_ft_lr1e-5_seed7.json (33.0 min)
=== 12:00:32 EXIT=0 method=full_ft lr=1e-5 ===
=== 12:00:32 START method=lora_r8 lr=1e-4 ===
Using a slow image processor as `use_fast` is unset and a slow processor was saved with this model. `use_fast=True` will be the default behavior in v4.52, even if the model was saved with a slow processor. This will result in minor differences in outputs. You'll still be able to use a slow processor with `use_fast=False`.
pretrained CIFAR-100 on 10000 images: 0.6133
  epoch 1/6 val=0.8800
  epoch 2/6 val=0.9267
  epoch 3/6 val=0.9300
  epoch 4/6 val=0.9500
  epoch 5/6 val=0.9433
  epoch 6/6 val=0.9500
  alpha=0.00 test=0.1726 transfer=0.6133 dH=+0.00%
  alpha=0.25 test=0.7819 transfer=0.6082 dH=+0.10%
  alpha=0.50 test=0.9052 transfer=0.5990 dH=+0.30%
  alpha=0.75 test=0.9400 transfer=0.5819 dH=+0.60%
  alpha=1.00 test=0.9544 transfer=0.5384 dH=+0.96%
wrote /Users/xiaruize/Documents/Code/Attention_Collapse_in_CLIP_Fine-tuning_repo/study2/intervention/INT_eurosat_lora_r8_lr1e-4_seed7.json (22.9 min)
=== 12:23:33 EXIT=0 method=lora_r8 lr=1e-4 ===
=== 12:23:33 START method=full_ft lr=3e-5 ===
Using a slow image processor as `use_fast` is unset and a slow processor was saved with this model. `use_fast=True` will be the default behavior in v4.52, even if the model was saved with a slow processor. This will result in minor differences in outputs. You'll still be able to use a slow processor with `use_fast=False`.
pretrained CIFAR-100 on 10000 images: 0.6133
  epoch 1/6 val=0.9033
  epoch 2/6 val=0.8800
  epoch 3/6 val=0.9233
  epoch 4/6 val=0.9333
  epoch 5/6 val=0.9500
  epoch 6/6 val=0.9467
  alpha=0.00 test=0.1026 transfer=0.6133 dH=+0.00%
  alpha=0.25 test=0.8970 transfer=0.5839 dH=+0.28%
  alpha=0.50 test=0.9570 transfer=0.4794 dH=+0.33%
  alpha=0.75 test=0.9681 transfer=0.2945 dH=+0.22%
  alpha=1.00 test=0.9648 transfer=0.1134 dH=+0.12%
wrote /Users/xiaruize/Documents/Code/Attention_Collapse_in_CLIP_Fine-tuning_repo/study2/intervention/INT_eurosat_full_ft_lr3e-5_seed7.json (26.3 min)
=== 12:49:56 EXIT=0 method=full_ft lr=3e-5 ===
=== 12:49:56 ALL SWEEPS DONE ===
